// Jest Snapshot v1, https://goo.gl/fbAQLP

exports[`Card renders properly 1`] = `
<div
  className="tc bg-light-green dib br3 pa3 ma2 grow bw2 shadow-5"
>
  <img
    alt="robots"
    src="1.jpg"
  />
  <div>
    <h2>
      John Doe
    </h2>
    <p>
      john@doe.com
    </p>
  </div>
</div>
`;
