// Jest Snapshot v1, https://goo.gl/fbAQLP

exports[`Header renders properly 1`] = `
<h1
  className="f1"
>
  RoboFriends - Where Robots Meet
</h1>
`;
