// Jest Snapshot v1, https://goo.gl/fbAQLP

exports[`Scroll renders properly 1`] = `
<div
  style={
    Object {
      "border": "1px solid black",
      "height": 500,
      "overflowY": "scroll",
    }
  }
/>
`;
